[www.bartshealth.nhs.uk/index.html]
[backblue.gif]
[fade.gif]
[index.html]
[www.bartshealth.nhs.uk/base-install/css/styles.css]
[www.bartshealth.nhs.uk/base-install/css/support-styles.css]
[www.bartshealth.nhs.uk/plugins/_lib_/modernizr-complete.min.js]
[use.typekit.net/xxg3vwx.js]
[www.google-analytics.com/analytics.js]
[www.bartshealth.nhs.uk/sitemap.html]
[www.bartshealth.nhs.uk/search.html]
[www.bartshealth.nhs.uk/base-install/images/main-logo/company-logo.png]
[www.bartshealth.nhs.uk/media/images/versions/img94joktmu79021fa3.png]
[www.bartshealth.nhs.uk/our-services.html]
[www.bartshealth.nhs.uk/all-services.html]
[www.bartshealth.nhs.uk/acute-medicine.html]
[www.bartshealth.nhs.uk/air-ambulance.html]
[www.bartshealth.nhs.uk/allergies.html]
[www.bartshealth.nhs.uk/anaesthetics-and-pain-management.html]
[www.bartshealth.nhs.uk/arcare.html]
[www.bartshealth.nhs.uk/behcets-syndrome.html]
[www.bartshealth.nhs.uk/find-a-consultant.html]
[www.bartshealth.nhs.uk/patient-information-leaflets.html]
[www.bartshealth.nhs.uk/patients-and-visitors.html]
[www.bartshealth.nhs.uk/our-hospitals.html]
[www.bartshealth.nhs.uk/st-bartholomews.html]
[www.bartshealth.nhs.uk/the-royal-london.html]
[www.bartshealth.nhs.uk/mile-end.html]
[www.bartshealth.nhs.uk/whipps-cross.html]
[www.bartshealth.nhs.uk/newham.html]
[www.bartshealth.nhs.uk/appointments.html]
[www.bartshealth.nhs.uk/your-inpatient-stay.html]
[www.bartshealth.nhs.uk/changing-or-cancelling-an-appointment.html]
[www.bartshealth.nhs.uk/pals.html]
[www.bartshealth.nhs.uk/complaints.html]
[www.bartshealth.nhs.uk/interpreting-services.html]
[www.bartshealth.nhs.uk/chaplaincy.html]
[www.bartshealth.nhs.uk/private-and-overseas-patients.html]
[www.bartshealth.nhs.uk/should-i-go-to-ae.html]
[www.bartshealth.nhs.uk/transport.html]
[www.bartshealth.nhs.uk/feedback.html]
[www.bartshealth.nhs.uk/heroes.html]
[www.bartshealth.nhs.uk/joinus.html]
[www.bartshealth.nhs.uk/working-at-our-hospitals.html]
[www.bartshealth.nhs.uk/working-at-the-royal-london.html]
[www.bartshealth.nhs.uk/working-at-st-barts.html]
[www.bartshealth.nhs.uk/working-at-mile-end.html]
[www.bartshealth.nhs.uk/working-in-newham.html]
[www.bartshealth.nhs.uk/working-at-whipps-cross.html]
[www.bartshealth.nhs.uk/career-paths.html]
[www.bartshealth.nhs.uk/support-services.html]
[www.bartshealth.nhs.uk/bank-staff.html]
[www.bartshealth.nhs.uk/leadership.html]
[www.bartshealth.nhs.uk/medical-and-dental.html]
[www.bartshealth.nhs.uk/healthcare-scientists.html]
[www.bartshealth.nhs.uk/allied-health-professionals.html]
[www.bartshealth.nhs.uk/recruitment-open-days.html]
[www.bartshealth.nhs.uk/wxh-recruitment-open-days.html]
[www.bartshealth.nhs.uk/rlh-recruitment-open-days.html]
[www.bartshealth.nhs.uk/career-development.html]
[www.bartshealth.nhs.uk/apprenticeships.html]
[www.bartshealth.nhs.uk/nursing-graduates.html]
[www.bartshealth.nhs.uk/overseas-nurses.html]
[www.bartshealth.nhs.uk/gps-and-health-partners.html]
[www.bartshealth.nhs.uk/urgent-gp-information.html]
[www.bartshealth.nhs.uk/key-contacts-for-gps.html]
[www.bartshealth.nhs.uk/nhs-e-referral-service.html]
[www.bartshealth.nhs.uk/primary-care-team.html]
[www.bartshealth.nhs.uk/non-urgent-advice-and-guidance.html]
[www.bartshealth.nhs.uk/referrals.html]
[www.bartshealth.nhs.uk/referral-forms.html]
[www.bartshealth.nhs.uk/written-and-exception-referrals.html]
[www.bartshealth.nhs.uk/news.html]
[www.bartshealth.nhs.uk/press-office.html]
[www.bartshealth.nhs.uk/fast-facts.html]
[www.bartshealth.nhs.uk/barts-health-life.html]
[www.bartshealth.nhs.uk/get-involved.html]
[www.bartshealth.nhs.uk/volunteer-with-us.html]
[www.bartshealth.nhs.uk/dementia-buddies.html]
[www.bartshealth.nhs.uk/shop-and-trolley-roles.html]
[www.bartshealth.nhs.uk/meeters-and-greeters.html]
[www.bartshealth.nhs.uk/patient-evaluation-champion.html]
[www.bartshealth.nhs.uk/barts-charity.html]
[www.bartshealth.nhs.uk/patient-champions.html]
[www.bartshealth.nhs.uk/takepart.html]
[www.bartshealth.nhs.uk/other-ways-to-get-involved-with-research.html]
[www.bartshealth.nhs.uk/events.html]
[www.bartshealth.nhs.uk/our-charities.html]
[www.bartshealth.nhs.uk/become-a-member.html]
[www.bartshealth.nhs.uk/museums-and-archives.html]
[www.bartshealth.nhs.uk/the-royal-london-hospital-museum-and-archives.html]
[www.bartshealth.nhs.uk/st-bartholomews-museum-and-archives.html]
[www.bartshealth.nhs.uk/about-us.html]
[www.bartshealth.nhs.uk/our-background-and-history.html]
[www.bartshealth.nhs.uk/whipps-cross-our-history.html]
[www.bartshealth.nhs.uk/the-royal-london-our-history.html]
[www.bartshealth.nhs.uk/mile-end-our-history.html]
[www.bartshealth.nhs.uk/st-bartholomews-our-history.html]
[www.bartshealth.nhs.uk/newham-our-history.html]
[www.bartshealth.nhs.uk/values.html]
[www.bartshealth.nhs.uk/our-journey.html]
[www.bartshealth.nhs.uk/improvement.html]
[www.bartshealth.nhs.uk/progress.html]
[www.bartshealth.nhs.uk/cqc-and-progress-reports.html]
[www.bartshealth.nhs.uk/our-board.html]
[www.bartshealth.nhs.uk/non-executive-directors.html]
[www.bartshealth.nhs.uk/executive-directors.html]
[www.bartshealth.nhs.uk/newham-university-hospital-site-management-team.html]
[www.bartshealth.nhs.uk/st-bartholomews-hospital-site-management-team.html]
[www.bartshealth.nhs.uk/the-royal-london-mile-end-and-chs-site-management-teams.html]
[www.bartshealth.nhs.uk/whipps-cross-university-hospital-site-management-teams.html]
[www.bartshealth.nhs.uk/sustainability.html]
[www.bartshealth.nhs.uk/annual-reports.html]
[www.bartshealth.nhs.uk/contact-us.html]
[www.bartshealth.nhs.uk/freedom-of-information-requests.html]
[www.bartshealth.nhs.uk/media/images/img94joktmu71740.jpg]
[www.bartshealth.nhs.uk/home/career-development-863/index.html]
[www.bartshealth.nhs.uk/media/images/img94joktmu71947.jpg]
[www.bartshealth.nhs.uk/home/homepage-cta-carousel-2-572/index.html]
[www.bartshealth.nhs.uk/media/images/img94joktmu7424.jpg]
[www.bartshealth.nhs.uk/home/homepage-cta-carousel-3-573/index.html]
[www.bartshealth.nhs.uk/media/images/img94joktmu71957.jpg]
[www.bartshealth.nhs.uk/home/tell-us-what-you-think-908/index.html]
[www.bartshealth.nhs.uk/media/images/img94joktmu71958.jpg]
[www.bartshealth.nhs.uk/home/work-with-us-909/index.html]
[bartshealth.nhs.uk/media/images/versions/img94joktmu75032.png]
[bartshealth.nhs.uk/media/images/versions/img94joktmu75033.png]
[bartshealth.nhs.uk/media/images/versions/img94joktmu75028.png]
[bartshealth.nhs.uk/media/images/versions/img94joktmu75027.png]
[www.bartshealth.nhs.uk/health-records.html]
[www.bartshealth.nhs.uk/sexual-health.html]
[bartshealth.nhs.uk/media/images/versions/img94joktmu7538.png]
[bartshealth.nhs.uk/media/images/versions/img94joktmu7536.png]
[bartshealth.nhs.uk/media/images/versions/img94joktmu7535.png]
[bartshealth.nhs.uk/media/images/versions/img94joktmu7539.png]
[bartshealth.nhs.uk/media/images/versions/img94joktmu7537.png]
[www.bartshealth.nhs.uk/news/newham-university-hospital-raises-over-500-for-macmillan-cancer-support-2276.html]
[www.bartshealth.nhs.uk/media/images/versions/img94joktmu77707.jpg]
[www.bartshealth.nhs.uk/news/binky-felstead-surprises-families-at-play-team-activity-day-2278.html]
[www.bartshealth.nhs.uk/media/images/versions/img94joktmu77711.jpg]
[www.bartshealth.nhs.uk/news/weve-launched-londons-only-burns-service-within-a-major-trauma-centre-2203.html]
[www.bartshealth.nhs.uk/media/images/versions/img94joktmu77523.jpg]
[www.bartshealth.nhs.uk/news/award-for-online-patient-appointments-2174.html]
[www.bartshealth.nhs.uk/media/images/versions/img94joktmu71199.jpg]
[platform.twitter.com/widgets.js]
[www.iwantgreatcare.org/resources-ext/JsWidgets/css/JsWidget.css]
[siteimproveanalytics.com/js/siteanalyze_121346998.js]
[www.bartshealth.nhs.uk/media/images/versions/img94joktmu754463ab.png]
[www.bartshealth.nhs.uk/media/images/versions/img94joktmu75455bde.png]
[www.bartshealth.nhs.uk/media/images/versions/img94joktmu75466a1d.png]
[www.bartshealth.nhs.uk/media/images/versions/img94joktmu763737b3.png]
[www.bartshealth.nhs.uk/media/images/versions/img94joktmu75495c89.png]
[www.bartshealth.nhs.uk/media/images/versions/img94joktmu7548fdef.png]
[www.cqc.org.uk/sites/all/modules/custom/cqc_widget/widget943d.js]
[www.bartshealth.nhs.uk/plugins/jquery-pwstrength/jquery.pwstrength.min.js]
[www.bartshealth.nhs.uk/js/framework/atlas.js]
[www.bartshealth.nhs.uk/js/framework/debug.js]
[www.bartshealth.nhs.uk/js/framework/website.js]
[www.bartshealth.nhs.uk/plugins/_lib_/frontend/jquery-1.11.0.min.js]
[www.bartshealth.nhs.uk/js/framework/search.js]
[www.bartshealth.nhs.uk/js/framework/router-base.js]
[www.bartshealth.nhs.uk/js/framework/frontend-router.js]
[s7.addthis.com/js/300/addthis_widget.js]
[www.bartshealth.nhs.uk/plugins/_lib_/frontend/jquery-ui-1.9.2.min.js]
[www.bartshealth.nhs.uk/js/framework/feedback-base.js]
[www.bartshealth.nhs.uk/js/framework/frontend-feedback.js]
[www.bartshealth.nhs.uk/js/framework/error-handler.js]
[www.bartshealth.nhs.uk/js/framework/media-manager.js]
[www.bartshealth.nhs.uk/js/framework/placements.js]
[www.bartshealth.nhs.uk/js/framework/hashurl.js]
[www.bartshealth.nhs.uk/plugins/media-manager/media-element-player-2-13-1/mediaplayer-jquery.js]
[www.bartshealth.nhs.uk/js/framework/megamenu.js]
[www.bartshealth.nhs.uk/js/jquery.bxslider.min.js]
[www.bartshealth.nhs.uk/js/plugins.js]
[translate.google.com/translate_a/element.a7a0d8.delayed]
[www.bartshealth.nhs.uk/index.html]
[www.bartshealth.nhs.uk/base-install/images/media-manager/bigplay.png]
[www.bartshealth.nhs.uk/base-install/images/media-manager/background.png]
[www.bartshealth.nhs.uk/base-install/images/media-manager/loading.gif]
[www.bartshealth.nhs.uk/base-install/images/media-manager/controls.png]
[www.bartshealth.nhs.uk/base-install/fonts/fontawesome-webfont3295.eot]
[www.bartshealth.nhs.uk/base-install/fonts/fontawesome-webfontd41d.eot]
[www.bartshealth.nhs.uk/base-install/fonts/fontawesome-webfont3295.woff]
[www.bartshealth.nhs.uk/base-install/fonts/fontawesome-webfont3295.ttf]
[www.bartshealth.nhs.uk/base-install/fonts/FrutigerLTStd-Roman.eot]
[www.bartshealth.nhs.uk/base-install/fonts/FrutigerLTStd-Romand41d.eot]
[www.bartshealth.nhs.uk/base-install/fonts/FrutigerLTStd-Roman.woff]
[www.bartshealth.nhs.uk/base-install/fonts/FrutigerLTStd-Roman.ttf]
[www.bartshealth.nhs.uk/base-install/fonts/FrutigerLTStd-LightItalic.eot]
[www.bartshealth.nhs.uk/base-install/fonts/FrutigerLTStd-LightItalicd41d.eot]
[www.bartshealth.nhs.uk/base-install/fonts/FrutigerLTStd-LightItalic.woff]
[www.bartshealth.nhs.uk/base-install/fonts/FrutigerLTStd-LightItalic.ttf]
[www.bartshealth.nhs.uk/base-install/fonts/FrutigerLTStd-Bold.eot]
[www.bartshealth.nhs.uk/base-install/fonts/FrutigerLTStd-Boldd41d.eot]
[www.bartshealth.nhs.uk/base-install/fonts/FrutigerLTStd-Bold.woff]
[www.bartshealth.nhs.uk/base-install/fonts/FrutigerLTStd-Bold.ttf]
[www.bartshealth.nhs.uk/base-install/fonts/FrutigerLTStd-Light.eot]
[www.bartshealth.nhs.uk/base-install/fonts/FrutigerLTStd-Lightd41d.eot]
[www.bartshealth.nhs.uk/base-install/fonts/FrutigerLTStd-Light.woff]
[www.bartshealth.nhs.uk/base-install/fonts/FrutigerLTStd-Light.ttf]
[www.bartshealth.nhs.uk/base-install/images/access-bar/textdown.png]
[www.bartshealth.nhs.uk/base-install/images/access-bar/textup.png]
[www.bartshealth.nhs.uk/base-install/images/access-bar/contrast-normal.png]
[www.bartshealth.nhs.uk/base-install/images/access-bar/contrast-soft.png]
[www.bartshealth.nhs.uk/base-install/images/access-bar/contrast-high.png]
[www.bartshealth.nhs.uk/base-install/images/_site/icons/search-blue.png]
[www.bartshealth.nhs.uk/base-install/images/main-logo/company-logo-hdpi.png]
[www.bartshealth.nhs.uk/base-install/images/page-utils/page-top-k.png]
[www.bartshealth.nhs.uk/base-install/images/page-utils/page-top.png]
[www.bartshealth.nhs.uk/base-install/images/page-utils/contact-k.png]
[www.bartshealth.nhs.uk/base-install/images/page-utils/contact.png]
[www.bartshealth.nhs.uk/base-install/images/page-utils/print-k.png]
[www.bartshealth.nhs.uk/base-install/images/page-utils/print.png]
[www.bartshealth.nhs.uk/base-install/images/page-utils/email-k.png]
[www.bartshealth.nhs.uk/base-install/images/page-utils/email.png]
[www.bartshealth.nhs.uk/base-install/images/page-utils/sitemap-k.png]
[www.bartshealth.nhs.uk/base-install/images/page-utils/sitemap.png]
[www.bartshealth.nhs.uk/base-install/images/events-calendar/view-nav-icons/calendar-view-month.png]
[www.bartshealth.nhs.uk/base-install/images/events-calendar/view-nav-icons/calendar-view-week.png]
[www.bartshealth.nhs.uk/base-install/images/events-calendar/view-nav-icons/calendar-view-day.png]
[www.bartshealth.nhs.uk/base-install/images/events-calendar/view-nav-icons/event-types-view.png]
[www.bartshealth.nhs.uk/base-install/images/blogs-v2/feedback/fs-expand.png]
[www.bartshealth.nhs.uk/base-install/images/blogs-v2/feedback/fs-contract.png]
[www.bartshealth.nhs.uk/base-install/images/_site/no-thumb.png]
[www.bartshealth.nhs.uk/base-install/images/_site/icons/add.png]
[www.bartshealth.nhs.uk/base-install/images/_site/icons/remove.png]
[www.bartshealth.nhs.uk/base-install/images/favourites/list-unfavourite.png]
[www.bartshealth.nhs.uk/base-install/images/favourites/list-favourite.png]
[www.bartshealth.nhs.uk/base-install/images/favourites/favourite-page.gif]
[www.bartshealth.nhs.uk/base-install/images/favourites/unfavourite-page.png]
[www.bartshealth.nhs.uk/base-install/images/fancybox/fancybox.png]
[www.bartshealth.nhs.uk/base-install/images/fancybox/blank.gif]
[www.bartshealth.nhs.uk/base-install/images/fancybox/fancybox-x.png]
[www.bartshealth.nhs.uk/base-install/images/fancybox/fancybox-y.png]
[www.bartshealth.nhs.uk/base-install/images/slideshows/controls1-16px-w/pause.png]
[www.bartshealth.nhs.uk/base-install/images/slideshows/controls1-16px-w/play.png]
[www.bartshealth.nhs.uk/base-install/images/_site/icons/slideshow-previous.png]
[www.bartshealth.nhs.uk/base-install/images/_site/icons/slideshow-next.png]
[www.bartshealth.nhs.uk/base-install/images/slideshows/controls1-16px-k/back.png]
[www.bartshealth.nhs.uk/base-install/images/slideshows/controls1-16px-w/back.png]
[www.bartshealth.nhs.uk/base-install/images/slideshows/controls1-16px-k/forward.png]
[www.bartshealth.nhs.uk/base-install/images/slideshows/controls1-16px-w/forward.png]
[www.bartshealth.nhs.uk/base-install/images/_site/icons/next.png]
[www.bartshealth.nhs.uk/base-install/images/_site/icons/next-blue-bold.png]
[www.bartshealth.nhs.uk/base-install/images/_site/icons/prev.png]
[www.bartshealth.nhs.uk/base-install/images/_site/icons/prev-blue-bold.png]
[www.bartshealth.nhs.uk/base-install/images/_site/twitter-bg-no-logo.png]
[www.bartshealth.nhs.uk/base-install/images/_site/icons/search-grey.png]
[www.bartshealth.nhs.uk/base-install/css/styles.css]
[www.bartshealth.nhs.uk/base-install/css/jquery-file-upload/jquery.fileupload.css]
[www.bartshealth.nhs.uk/base-install/css/jquery-file-upload/jquery.fileupload-ui.css]
[www.bartshealth.nhs.uk/base-install/css/support-styles.css]
[www.googletagmanager.com/gtm5445.html]
[www.bartshealth.nhs.uk/blood-tests.html]
[www.bartshealth.nhs.uk/cancer.html]
[www.bartshealth.nhs.uk/cardiovascular.html]
[www.bartshealth.nhs.uk/cardio-oncology.html]
[www.bartshealth.nhs.uk/care-of-the-elderly.html]
[www.bartshealth.nhs.uk/clinical-haematology.html]
[www.bartshealth.nhs.uk/community-dental-service.html]
[www.bartshealth.nhs.uk/community-diabetes-service.html]
[www.bartshealth.nhs.uk/community-health-services.html]
[www.bartshealth.nhs.uk/community-heart-failure-service.html]
[www.bartshealth.nhs.uk/community-learning-disabilities-service.html]
[www.bartshealth.nhs.uk/community-nutrition-and-dietetics.html]
[www.bartshealth.nhs.uk/continence-service.html]
[www.bartshealth.nhs.uk/dental.html]
[www.bartshealth.nhs.uk/dermatology.html]
[www.bartshealth.nhs.uk/diabetes.html]
[www.bartshealth.nhs.uk/drugs.html]
[www.bartshealth.nhs.uk/emergency-department.html]
[www.bartshealth.nhs.uk/endocrinology.html]
[www.bartshealth.nhs.uk/ent---ear-nose-and-throat.html]
[www.bartshealth.nhs.uk/fertility.html]
[www.bartshealth.nhs.uk/foot-health.html]
[www.bartshealth.nhs.uk/gastroenterology.html]
[www.bartshealth.nhs.uk/general-surgery.html]
[www.bartshealth.nhs.uk/gynaecology.html]
[www.bartshealth.nhs.uk/gynaecological-oncology.html]
[www.bartshealth.nhs.uk/haematology.html]
[www.bartshealth.nhs.uk/haemophilia.html]
[www.bartshealth.nhs.uk/health-visiting.html]
[www.bartshealth.nhs.uk/hyperbaric-and-wound-healing.html]
[www.bartshealth.nhs.uk/imaging.html]
[www.bartshealth.nhs.uk/immunology.html]
[www.bartshealth.nhs.uk/infection-and-immunity.html]
[www.bartshealth.nhs.uk/maternity.html]
[www.bartshealth.nhs.uk/neurosciences.html]
[www.bartshealth.nhs.uk/oral-and-maxillofacial.html]
[www.bartshealth.nhs.uk/orthopaedics.html]
[www.bartshealth.nhs.uk/pain-management-clinic.html]
[www.bartshealth.nhs.uk/pain-management-service.html]
[www.bartshealth.nhs.uk/palliative-care.html]
[www.bartshealth.nhs.uk/pathology.html]
[www.bartshealth.nhs.uk/persistent-pain-service.html]
[www.bartshealth.nhs.uk/pharmacy.html]
[www.bartshealth.nhs.uk/phlebotomy.html]
[www.bartshealth.nhs.uk/physiotherapy.html]
[www.bartshealth.nhs.uk/plastic-surgery.html]
[www.bartshealth.nhs.uk/renal.html]
[www.bartshealth.nhs.uk/respiratory.html]
[www.bartshealth.nhs.uk/retinoblastoma.html]
[www.bartshealth.nhs.uk/rheumatology.html]
[www.bartshealth.nhs.uk/school-health.html]
[www.bartshealth.nhs.uk/skin.html]
[www.bartshealth.nhs.uk/sports-and-exercise-medicine.html]
[www.bartshealth.nhs.uk/stroke.html]
[www.bartshealth.nhs.uk/therapies.html]
[www.bartshealth.nhs.uk/trauma.html]
[www.bartshealth.nhs.uk/urology.html]
[www.bartshealth.nhs.uk/vascular-and-microvascular-services.html]
[www.bartshealth.nhs.uk/our-other-sites.html]
[www.bartshealth.nhs.uk/how-does-the-nhs-work-in-england.html]
[www.bartshealth.nhs.uk/administrative-and-clerical.html]
[www.bartshealth.nhs.uk/nursing-and-midwifery.html]
[www.bartshealth.nhs.uk/returning-to-nursing.html]
[www.bartshealth.nhs.uk/the-education-academy.html]
[www.bartshealth.nhs.uk/staff-benefits.html]
[www.bartshealth.nhs.uk/knowledge-and-library.html]
[www.bartshealth.nhs.uk/macmillan-cancer-support.html]
[www.bartshealth.nhs.uk/museum-hosts.html]
[www.bartshealth.nhs.uk/hospital-radio.html]
[www.bartshealth.nhs.uk/board-meetings.html]
[www.bartshealth.nhs.uk/equality-diversity-inclusion.html]
[www.bartshealth.nhs.uk/lifesciences.html]
[www.bartshealth.nhs.uk/key-documents.html]
[www.bartshealth.nhs.uk/sitemap.html]
[www.bartshealth.nhs.uk/search.html]
[www.bartshealth.nhs.uk/freedom-of-information.html]
[www.bartshealth.nhs.uk/media/images/versions/img94joktmu72092.jpg]
[www.bartshealth.nhs.uk/js/framework/venue-module.js]
[www.bartshealth.nhs.uk/our-services.html]
[www.bartshealth.nhs.uk/services/index6d94.html]
[www.bartshealth.nhs.uk/services/index99dc.html]
[www.bartshealth.nhs.uk/all-services.html]
[www.bartshealth.nhs.uk/services/indexde2c.html]
[www.bartshealth.nhs.uk/services/index99f9.html]
[www.bartshealth.nhs.uk/services/index24aa.html]
[www.bartshealth.nhs.uk/acute-medicine.html]
[www.bartshealth.nhs.uk/services/index0ba0.html]
[www.bartshealth.nhs.uk/services/index256f.html]
[www.bartshealth.nhs.uk/services/indexc0cf.html]
[www.bartshealth.nhs.uk/services/index48de.html]
[www.bartshealth.nhs.uk/services/index2977.html]
[www.bartshealth.nhs.uk/air-ambulance.html]
[www.bartshealth.nhs.uk/services/indexd843.html]
[www.bartshealth.nhs.uk/services/index17e9.html]
[www.bartshealth.nhs.uk/services/index2633.html]
[www.bartshealth.nhs.uk/services/index106a.html]
[www.bartshealth.nhs.uk/allergies.html]
[www.bartshealth.nhs.uk/services/index8c8f.html]
[www.bartshealth.nhs.uk/services/index7b9d.html]
[www.bartshealth.nhs.uk/services/index0c65.html]
[www.bartshealth.nhs.uk/services/index4ee1.html]
[www.bartshealth.nhs.uk/anaesthetics-and-pain-management.html]
[www.bartshealth.nhs.uk/air-ambulance/index.html]
[www.bartshealth.nhs.uk/our-services/index695e.html]
[www.bartshealth.nhs.uk/acute-medicine/index.html]
[www.bartshealth.nhs.uk/allergies/index.html]
[www.bartshealth.nhs.uk/arcare.html]
[www.bartshealth.nhs.uk/anaesthetics-and-pain-management/index.html]
[www.bartshealth.nhs.uk/behcets-syndrome/index.html]
[www.bartshealth.nhs.uk/arcare/index.html]
[www.bartshealth.nhs.uk/blood-tests/index.html]
[www.bartshealth.nhs.uk/behcets-syndrome.html]
[www.bartshealth.nhs.uk/cancer/index.html]
[www.bartshealth.nhs.uk/cardio-oncology/index.html]
[www.bartshealth.nhs.uk/cardiovascular/index.html]
[www.bartshealth.nhs.uk/find-a-consultant/index4cf8.html]
[www.bartshealth.nhs.uk/find-a-consultant81cf.html]
[www.bartshealth.nhs.uk/find-a-consultant.html]
[www.bartshealth.nhs.uk/find-a-consultant/index4efa.html]
[www.bartshealth.nhs.uk/find-a-consultant/index5a75.html]
[www.bartshealth.nhs.uk/find-a-consultant/indexb65f.html]
[www.bartshealth.nhs.uk/find-a-consultant/indexd155.html]
[www.bartshealth.nhs.uk/find-a-consultant/index7c27.html]
[www.bartshealth.nhs.uk/find-a-consultant/index8a77.html]
[www.bartshealth.nhs.uk/find-a-consultant/index3a02.html]
[www.bartshealth.nhs.uk/find-a-consultant/indexe91d.html]
[www.bartshealth.nhs.uk/Deep-Inspiration-Breath-Hold-Technique-for-Radiotherapy-DIBH92e0.pdf]
[www.bartshealth.nhs.uk/find-a-consultant/index5e36.html]
[www.bartshealth.nhs.uk/find-a-consultant/indexb4ca.html]
[www.bartshealth.nhs.uk/find-a-consultant/indexa4ee.html]
[www.bartshealth.nhs.uk/Radiotherapy-at-St-Bartholomews-Hospital---General-Information338e.pdf]
[www.bartshealth.nhs.uk/find-a-consultant/index489c.html]
[www.bartshealth.nhs.uk/find-a-consultant/index568c.html]
[www.bartshealth.nhs.uk/find-a-consultant/index3af0.html]
[www.bartshealth.nhs.uk/find-a-consultant/indexefcf.html]
[www.bartshealth.nhs.uk/find-a-consultant/index4762.html]
[www.bartshealth.nhs.uk/find-a-consultant/index8e97.html]
[www.bartshealth.nhs.uk/The-role-of-the-multidisciplinary-team---gynaecological-cancer-centre0f5c.pdf]
[www.bartshealth.nhs.uk/find-a-consultant/indexcf4a.html]
[www.bartshealth.nhs.uk/find-a-consultant/index3444.html]
[www.bartshealth.nhs.uk/find-a-consultant/index8847.html]
[www.bartshealth.nhs.uk/download.156b08e.delayed]
[www.bartshealth.nhs.uk/find-a-consultant/index2290.html]
[www.bartshealth.nhs.uk/find-a-consultant/indexe608.html]
[www.bartshealth.nhs.uk/find-a-consultant/index14ee.html]
[www.bartshealth.nhs.uk/Delirium---Information-for-patients-carers-and-relativesff46.pdf]
[www.bartshealth.nhs.uk/find-a-consultant/index2943.html]
[www.bartshealth.nhs.uk/find-a-consultant/indexd401.html]
[www.bartshealth.nhs.uk/Information-for-carers-of-patients-who-have-a-diagnosis-of-dementiaa6f1.pdf]
[www.bartshealth.nhs.uk/find-a-consultant/indexbfb4.html]
[www.bartshealth.nhs.uk/find-a-consultant/indexccce.html]
[www.bartshealth.nhs.uk/find-a-consultant/indexbe07.html]
[www.bartshealth.nhs.uk/find-a-consultant/index73f1.html]
[www.bartshealth.nhs.uk/find-a-consultant/index6921.html]
[www.bartshealth.nhs.uk/find-a-consultant/indexf154.html]
[www.bartshealth.nhs.uk/Caring-for-your-mouth-after-a-dental-extraction71d6.pdf]
[www.bartshealth.nhs.uk/find-a-consultant/indexac18.html]
[www.bartshealth.nhs.uk/find-a-consultant/index491a.html]
[www.bartshealth.nhs.uk/Information-about-dentistry-for-patients-with-inherited-bleeding-disorders-IBD30aa.pdf]
[www.bartshealth.nhs.uk/find-a-consultant/index7bc0.html]
[www.bartshealth.nhs.uk/find-a-consultant/index85b3.html]
[www.bartshealth.nhs.uk/Mirena---Information-about-dentistry-for-patients-with-inherited-bleeding-disorders-IBDd5f2.pdf]
[www.bartshealth.nhs.uk/find-a-consultant/index0884.html]
[www.bartshealth.nhs.uk/A-Guide-to-Pancreatic-Enzymes-in-Cystic-Fibrosisf2fb.pdf]
[www.bartshealth.nhs.uk/find-a-consultant/indexe0e4.html]
[www.bartshealth.nhs.uk/Alcohol-and-Type-1-Diabetes4790.pdf]
[www.bartshealth.nhs.uk/find-a-consultant/index3ad5.html]
[www.bartshealth.nhs.uk/Eating-well-with-a-small-appetite.docxf851.pdf]
[www.bartshealth.nhs.uk/find-a-consultant/index6ac9.html]
[www.bartshealth.nhs.uk/find-a-consultant/indexfe8e.html]
[www.bartshealth.nhs.uk/Exercise-and-Diabetesf6d1.pdf]
[www.bartshealth.nhs.uk/find-a-consultant/index4bed.html]
[www.bartshealth.nhs.uk/find-a-consultant/index8612.html]
[www.bartshealth.nhs.uk/find-a-consultant/indexf08e.html]
[www.bartshealth.nhs.uk/find-a-consultant/index9ba7.html]
[www.bartshealth.nhs.uk/find-a-consultant/index07de.html]
[www.bartshealth.nhs.uk/find-a-consultant/index75ef.html]
[www.bartshealth.nhs.uk/download.16056cc.delayed]
[www.bartshealth.nhs.uk/find-a-consultant/index0e20.html]
[www.bartshealth.nhs.uk/find-a-consultant/indexc49d.html]
[www.bartshealth.nhs.uk/find-a-consultant/index5b2b.html]
[www.bartshealth.nhs.uk/Gaining-weight-the-healthy-way---Nutrition-Support2738.pdf]
[www.bartshealth.nhs.uk/find-a-consultant/index759d.html]
[www.bartshealth.nhs.uk/find-a-consultant/index7c55.html]
[www.bartshealth.nhs.uk/find-a-consultant/indexcbda.html]
[www.bartshealth.nhs.uk/Guide-to-Carbohydrate-Counting---Brief7200.pdf]
[www.bartshealth.nhs.uk/find-a-consultant/index70b0.html]
[www.bartshealth.nhs.uk/find-a-consultant/index482f.html]
[www.bartshealth.nhs.uk/Guide-to-Carbohydrate-Counting---Detailed4a5a.pdf]
[www.bartshealth.nhs.uk/Healthy-Eating-for-people-with-diabetesde71.pdf]
[www.bartshealth.nhs.uk/High-Energy-Snacks---Nutrition-Support3366.pdf]
[www.bartshealth.nhs.uk/Healthy-Eating-for-people-with-diabetes-on-mixed-insulin78e1.pdf]
[www.bartshealth.nhs.uk/Healthy-Eating-for-Diabetes-and-Pregnancyc88c.pdf]
[www.bartshealth.nhs.uk/How-to-control-your-fluid.-Information-for-patients-with-kidney-disease.e8f4.pdf]
[www.bartshealth.nhs.uk/Pancreatic-enzymes-for-pancreatic-insufficiency-diet-sheeta4f1.pdf]
[www.bartshealth.nhs.uk/Practical-advice-for-managing-diabetic-gastroparesiscec5.pdf]
[www.bartshealth.nhs.uk/find-a-consultant/indexd71e.html]
[www.bartshealth.nhs.uk/Cataract-and-cataract-surgery55ec.pdf]
[www.bartshealth.nhs.uk/Having-an-eye-exam7652.pdf]
[www.bartshealth.nhs.uk/Having-an-MRI-under-general-anaesthesia4afb.pdf]
[www.bartshealth.nhs.uk/Head-injury-in-childrenc4f8.pdf]
[www.bartshealth.nhs.uk/Idiopathic-Intracranial-Hypertension-IIH-in-Childrena2db.pdf]
[www.bartshealth.nhs.uk/Lumbar-Puncture-in-Children5efa.pdf]
[www.bartshealth.nhs.uk/Paediatric-Acute-Trauma-Serviceabeb.pdf]
[www.bartshealth.nhs.uk/Testing-your-child-for-HIVcfc1.pdf]
[www.bartshealth.nhs.uk/The-Play-Department---Royal-Londond342.pdf]
[www.bartshealth.nhs.uk/Achilles-Tendinopathydfd7.pdf]
[www.bartshealth.nhs.uk/Ankle-or-foot-fracture-bookletb2c0.pdf]
[www.bartshealth.nhs.uk/Anternatal-Exercises1628.pdf]
[www.bartshealth.nhs.uk/Bengali-speaking-pain-education-and-exercise-programme-BPEEPc9b6.pdf]
[www.bartshealth.nhs.uk/Caring-for-your-perineum1385.pdf]
[www.bartshealth.nhs.uk/Could-talking-to-our-Specialist-Pain-Psychologist-Help-Youe9b5.pdf]
[www.bartshealth.nhs.uk/Exercises6eca.pdf]
[www.bartshealth.nhs.uk/Exercise-programme---level-1-lying2874.pdf]
[www.bartshealth.nhs.uk/Exercise-programme---level-2-sitting755c.pdf]
[www.bartshealth.nhs.uk/Exercise-programme---level-3-standing6379.pdf]
[www.bartshealth.nhs.uk/Flare-up-management0768.pdf]
[www.bartshealth.nhs.uk/Forefoot-surgery-bookletc6c3.pdf]
[www.bartshealth.nhs.uk/Frozen-Shoulder---Adhesive-Capsulitisf06f.pdf]
[www.bartshealth.nhs.uk/Hydrotherapyb78b.pdf]
[www.bartshealth.nhs.uk/Lower-back-pain035f.pdf]
[www.bartshealth.nhs.uk/Pacingfac9.pdf]
[www.bartshealth.nhs.uk/Patellofemoral-Pain-Syndrome679c.pdf]
[www.bartshealth.nhs.uk/Pelvic-floor-muscle-exercises-for-women4f0d.pdf]
[www.bartshealth.nhs.uk/Physiotherapy-within-the-Persistent-Pain-Service81d3.pdf]
[www.bartshealth.nhs.uk/Plantar-Fasciopathy85a3.pdf]
[www.bartshealth.nhs.uk/Proximal-humeral-fracture-break-in-the-upper-arm-bonefe3a.pdf]
[www.bartshealth.nhs.uk/Shoulder-dislocations---shoulder-instability1d8e.pdf]
[www.bartshealth.nhs.uk/Shoulder-Pain-sub-acromial-pain-syndromedb27.pdf]
[www.bartshealth.nhs.uk/Strength-and-conditioning-booklet45e5.pdf]
[www.bartshealth.nhs.uk/Tennis-elbow---lateral-elbow-pain633c.pdf]
[www.bartshealth.nhs.uk/The-Bladder-Training-Programmea640.pdf]
[www.bartshealth.nhs.uk/Thoracics-leaflet---Information-and-exercise-following-your-surgerya39e.pdf]
[www.bartshealth.nhs.uk/Understanding-your-pain---an-introduction-to-persistent-pain1c57.pdf]
[www.bartshealth.nhs.uk/Understanding-your-pain---the-pain-cycle8940.pdf]
[www.bartshealth.nhs.uk/Walking-programme-leafletdbe4.pdf]
[www.bartshealth.nhs.uk/What-is-pacing1b37.pdf]
[www.bartshealth.nhs.uk/Whiplash-injures-and-neck-pain6a71.pdf]
[www.bartshealth.nhs.uk/Wrist-or-hand-fractureaf2a.pdf]
[www.bartshealth.nhs.uk/About-Your-Operation-to-Remove-Your-Lymph-Nodesa32c.pdf]
[www.bartshealth.nhs.uk/Dermal-Regeneration748d.pdf]
[www.bartshealth.nhs.uk/Gynaecomsatia01f1.pdf]
[www.bartshealth.nhs.uk/Having-a-skin-graft4130.pdf]
[www.bartshealth.nhs.uk/Having-a-Tissue-Expander0b75.pdf]
[www.bartshealth.nhs.uk/Having-an-Abdominoplastyc32e.pdf]
[www.bartshealth.nhs.uk/Having-Electrochemotherapy-ECTd85c.pdf]
[www.bartshealth.nhs.uk/Having-Plastic-Surgery-at-Barts-Health8d12.pdf]
[www.bartshealth.nhs.uk/Managing-your-drains-at-homebe89.pdf]
[www.bartshealth.nhs.uk/Plastic-Surgery-Dressings-Clinicc919.pdf]
[www.bartshealth.nhs.uk/Skin-Cancer-Multi-Disciplinary-Team-MDT-Information-Sheet-and-contact-detailsec6b.pdf]
[www.bartshealth.nhs.uk/Information-for-prostate-patients-at-Barts-Healthc054.pdf]
[www.bartshealth.nhs.uk/Diabetes-and-your-kidneyscddf.pdf]
[www.bartshealth.nhs.uk/Increasing-energy-and-protein-for-patients-with-kidney-disease5a53.pdf]
[www.bartshealth.nhs.uk/Your-guide-to-managing-medication-after-a-kidney-transplant98e1.pdf]
[www.bartshealth.nhs.uk/Barts-Anal-Neoplasia-Clinic-BANCa58d.pdf]
[www.bartshealth.nhs.uk/Abdominal-hysterectomyd14a.pdf]
[www.bartshealth.nhs.uk/Colposuspension-to-treat-incontinence84af.pdf]
[www.bartshealth.nhs.uk/Contraception-after-having-a-baby0c41.pdf]
[www.bartshealth.nhs.uk/Cystoscopybb05.pdf]
[www.bartshealth.nhs.uk/Emergency-Gynaecology-Unit-EGU-at-Whipps-Cross-Hospital8b53.pdf]
[www.bartshealth.nhs.uk/Endometrial-ablation407f.pdf]
[www.bartshealth.nhs.uk/Fibroid-treatment-options7046.pdf]
[www.bartshealth.nhs.uk/How-to-apply-Ovestin-creama453.pdf]
[www.bartshealth.nhs.uk/Peri-urethral-injections-to-treat-incontinenceae30.pdf]
[www.bartshealth.nhs.uk/Having-a-pessary-for-a-vaginal-prolapseba59.pdf]
[www.bartshealth.nhs.uk/Having-your-catheter-removed---an-outpatient-trial-without-catheter06e9.pdf]
[www.bartshealth.nhs.uk/Hysterosalpingogram-HSGdba4.pdf]
[www.bartshealth.nhs.uk/Hysteroscopy-under-anaesthesiac50c.pdf]
[www.bartshealth.nhs.uk/Laparoscopic-myomectomyddda.pdf]
[www.bartshealth.nhs.uk/Maternity---Parent-Education-Leaflet---February-2017994b.pdf]
[www.bartshealth.nhs.uk/Mid-urethral-tapes-for-stress-urinary-incontinence0990.pdf]
[www.bartshealth.nhs.uk/Outpatient-hysteroscopye7d8.pdf]
[www.bartshealth.nhs.uk/Ovarian-cyst---before-the-menopauseea7b.pdf]
[www.bartshealth.nhs.uk/Polycystic-ovary-syndromef16a.pdf]
[www.bartshealth.nhs.uk/Radiotherapy-to-the-breast-or-chest-wall8977.pdf]
[www.bartshealth.nhs.uk/Sacrocolpoplexy6dd5.pdf]
[www.bartshealth.nhs.uk/The-Breast-One-Stop-Clinicecbd.pdf]
[www.bartshealth.nhs.uk/Treatment-options-for-stress-incontinencebc78.pdf]
[www.bartshealth.nhs.uk/Urodynamics151c.pdf]
[www.bartshealth.nhs.uk/Utero-vaginal-prolapse-and-vaginal-hysterectomyebe7.pdf]
[www.bartshealth.nhs.uk/download.1c1cd08.delayed]
[www.bartshealth.nhs.uk/patient-information-leaflets.html]
[www.bartshealth.nhs.uk/patients-and-visitors.html]
[www.bartshealth.nhs.uk/our-hospitals.html]
[www.bartshealth.nhs.uk/st-bartholomews.html]
[www.bartshealth.nhs.uk/the-royal-london.html]
[www.bartshealth.nhs.uk/mile-end.html]
[www.bartshealth.nhs.uk/whipps-cross.html]
[www.bartshealth.nhs.uk/newham.html]
[www.bartshealth.nhs.uk/appointments.html]
[www.bartshealth.nhs.uk/your-inpatient-stay.html]
[www.bartshealth.nhs.uk/changing-or-cancelling-an-appointment.html]
[www.bartshealth.nhs.uk/pals.html]
[www.bartshealth.nhs.uk/complaints.html]
[www.bartshealth.nhs.uk/interpreting-services.html]
[www.bartshealth.nhs.uk/chaplaincy.html]
[www.bartshealth.nhs.uk/private-and-overseas-patients.html]
[www.bartshealth.nhs.uk/should-i-go-to-ae.html]
[www.bartshealth.nhs.uk/transport.html]
[www.bartshealth.nhs.uk/feedback.html]
[www.bartshealth.nhs.uk/heroes.html]
[www.bartshealth.nhs.uk/joinus.html]
[www.bartshealth.nhs.uk/working-at-our-hospitals.html]
[www.bartshealth.nhs.uk/working-at-the-royal-london.html]
[www.bartshealth.nhs.uk/working-at-st-barts.html]
[www.bartshealth.nhs.uk/working-at-mile-end.html]
[www.bartshealth.nhs.uk/working-in-newham.html]
[www.bartshealth.nhs.uk/working-at-whipps-cross.html]
[www.bartshealth.nhs.uk/career-paths.html]
[www.bartshealth.nhs.uk/support-services.html]
[www.bartshealth.nhs.uk/bank-staff.html]
[www.bartshealth.nhs.uk/leadership.html]
[www.bartshealth.nhs.uk/medical-and-dental.html]
[www.bartshealth.nhs.uk/healthcare-scientists.html]
[www.bartshealth.nhs.uk/allied-health-professionals.html]
[www.bartshealth.nhs.uk/recruitment-open-days.html]
[www.bartshealth.nhs.uk/wxh-recruitment-open-days.html]
[www.bartshealth.nhs.uk/rlh-recruitment-open-days.html]
[www.bartshealth.nhs.uk/career-development.html]
[www.bartshealth.nhs.uk/apprenticeships.html]
[www.bartshealth.nhs.uk/nursing-graduates.html]
[www.bartshealth.nhs.uk/overseas-nurses.html]
[www.bartshealth.nhs.uk/gps-and-health-partners.html]
[www.bartshealth.nhs.uk/urgent-gp-information.html]
[www.bartshealth.nhs.uk/key-contacts-for-gps.html]
[www.bartshealth.nhs.uk/nhs-e-referral-service.html]
[www.bartshealth.nhs.uk/primary-care-team.html]
[www.bartshealth.nhs.uk/non-urgent-advice-and-guidance.html]
[www.bartshealth.nhs.uk/referrals.html]
[www.bartshealth.nhs.uk/referral-forms.html]
[www.bartshealth.nhs.uk/written-and-exception-referrals.html]
[www.bartshealth.nhs.uk/news.html]
[www.bartshealth.nhs.uk/press-office.html]
[www.bartshealth.nhs.uk/fast-facts.html]
[www.bartshealth.nhs.uk/barts-health-life.html]
[www.bartshealth.nhs.uk/get-involved.html]
[www.bartshealth.nhs.uk/volunteer-with-us.html]
[www.bartshealth.nhs.uk/dementia-buddies.html]
[www.bartshealth.nhs.uk/shop-and-trolley-roles.html]
[www.bartshealth.nhs.uk/meeters-and-greeters.html]
[www.bartshealth.nhs.uk/patient-evaluation-champion.html]
[www.bartshealth.nhs.uk/barts-charity.html]
[www.bartshealth.nhs.uk/patient-champions.html]
[www.bartshealth.nhs.uk/takepart.html]
[www.bartshealth.nhs.uk/other-ways-to-get-involved-with-research.html]
[www.bartshealth.nhs.uk/events.html]
[www.bartshealth.nhs.uk/our-charities.html]
[www.bartshealth.nhs.uk/become-a-member.html]
[www.bartshealth.nhs.uk/museums-and-archives.html]
[www.bartshealth.nhs.uk/the-royal-london-hospital-museum-and-archives.html]
[www.bartshealth.nhs.uk/st-bartholomews-museum-and-archives.html]
[www.bartshealth.nhs.uk/about-us.html]
[www.bartshealth.nhs.uk/our-background-and-history.html]
[www.bartshealth.nhs.uk/whipps-cross-our-history.html]
[www.bartshealth.nhs.uk/the-royal-london-our-history.html]
[www.bartshealth.nhs.uk/mile-end-our-history.html]
[www.bartshealth.nhs.uk/st-bartholomews-our-history.html]
[www.bartshealth.nhs.uk/newham-our-history.html]
[www.bartshealth.nhs.uk/values.html]
[www.bartshealth.nhs.uk/our-journey.html]
[www.bartshealth.nhs.uk/improvement.html]
[www.bartshealth.nhs.uk/progress.html]
[www.bartshealth.nhs.uk/cqc-and-progress-reports.html]
[www.bartshealth.nhs.uk/our-board.html]
[www.bartshealth.nhs.uk/non-executive-directors.html]
[www.bartshealth.nhs.uk/executive-directors.html]
[www.bartshealth.nhs.uk/newham-university-hospital-site-management-team.html]
[www.bartshealth.nhs.uk/st-bartholomews-hospital-site-management-team.html]
[www.bartshealth.nhs.uk/the-royal-london-mile-end-and-chs-site-management-teams.html]
[www.bartshealth.nhs.uk/whipps-cross-university-hospital-site-management-teams.html]
[www.bartshealth.nhs.uk/sustainability.html]
[www.bartshealth.nhs.uk/annual-reports.html]
[www.bartshealth.nhs.uk/contact-us.html]
[www.bartshealth.nhs.uk/freedom-of-information-requests.html]
[www.bartshealth.nhs.uk/home/career-development-863/index.html]
[www.bartshealth.nhs.uk/home/homepage-cta-carousel-2-572/index.html]
[www.bartshealth.nhs.uk/home/homepage-cta-carousel-3-573/index.html]
[www.bartshealth.nhs.uk/home/tell-us-what-you-think-908/index.html]
[www.bartshealth.nhs.uk/home/work-with-us-909/index.html]
[www.bartshealth.nhs.uk/health-records.html]
[www.bartshealth.nhs.uk/sexual-health.html]
[www.bartshealth.nhs.uk/news/newham-university-hospital-raises-over-500-for-macmillan-cancer-support-2276.html]
[www.bartshealth.nhs.uk/news/binky-felstead-surprises-families-at-play-team-activity-day-2278.html]
[www.bartshealth.nhs.uk/news/weve-launched-londons-only-burns-service-within-a-major-trauma-centre-2203.html]
[www.bartshealth.nhs.uk/news/award-for-online-patient-appointments-2174.html]
[www.iwantgreatcare.org/resources-ext/JsWidgets/css/JsWidget.css]
[translate.google.com/translate_a/elementa0d8.html]
[www.bartshealth.nhs.uk/base-install/fonts/fontawesome-webfont3295.svg]
[www.bartshealth.nhs.uk/base-install/images/events-calendar/view-nav-icons/calendar-view.html]
[www.bartshealth.nhs.uk/base-install/images/_site/icons/search.html]
[www.bartshealth.nhs.uk/base-install/images/_site/popupclose.html]
[www.bartshealth.nhs.uk/base-install/images/_site/icons/plus.html]
[www.bartshealth.nhs.uk/base-install/images/_site/icons/minus.html]
[www.bartshealth.nhs.uk/base-install/images/_site/icons/open.html]
[www.bartshealth.nhs.uk/base-install/images/_site/icons/close.html]
[www.bartshealth.nhs.uk/base-install/images/_site/icons/close-icon.html]
[www.bartshealth.nhs.uk/base-install/images/_site/icons/arrow-closed.html]
[www.bartshealth.nhs.uk/base-install/images/_site/icons/arrow-open.html]
[www.bartshealth.nhs.uk/base-install/css/fancybox/fancy_loading.html]
[www.bartshealth.nhs.uk/base-install/css/fancybox/fancy_shadow_n.html]
[www.bartshealth.nhs.uk/base-install/css/fancybox/fancy_shadow_ne.html]
[www.bartshealth.nhs.uk/base-install/css/fancybox/fancy_shadow_e.html]
[www.bartshealth.nhs.uk/base-install/css/fancybox/fancy_shadow_se.html]
[www.bartshealth.nhs.uk/base-install/css/fancybox/fancy_shadow_s.html]
[www.bartshealth.nhs.uk/base-install/css/fancybox/fancy_shadow_sw.html]
[www.bartshealth.nhs.uk/base-install/css/fancybox/fancy_shadow_w.html]
[www.bartshealth.nhs.uk/base-install/css/fancybox/fancy_shadow_nw.html]
[www.bartshealth.nhs.uk/base-install/css/jquery-file-upload/jquery.fileupload.css]
[www.bartshealth.nhs.uk/base-install/css/jquery-file-upload/jquery.fileupload-ui.css]
[www.bartshealth.nhs.uk/blood-tests.html]
[www.bartshealth.nhs.uk/cancer.html]
[www.bartshealth.nhs.uk/cardiovascular.html]
[www.bartshealth.nhs.uk/cardio-oncology.html]
[www.bartshealth.nhs.uk/care-of-the-elderly.html]
[www.bartshealth.nhs.uk/clinical-haematology.html]
[www.bartshealth.nhs.uk/community-dental-service.html]
[www.bartshealth.nhs.uk/community-diabetes-service.html]
[www.bartshealth.nhs.uk/community-health-services.html]
[www.bartshealth.nhs.uk/community-heart-failure-service.html]
[www.bartshealth.nhs.uk/community-learning-disabilities-service.html]
[www.bartshealth.nhs.uk/community-nutrition-and-dietetics.html]
[www.bartshealth.nhs.uk/continence-service.html]
[www.bartshealth.nhs.uk/dental.html]
[www.bartshealth.nhs.uk/dermatology.html]
[www.bartshealth.nhs.uk/diabetes.html]
[www.bartshealth.nhs.uk/drugs.html]
[www.bartshealth.nhs.uk/emergency-department.html]
[www.bartshealth.nhs.uk/endocrinology.html]
[www.bartshealth.nhs.uk/ent---ear-nose-and-throat.html]
[www.bartshealth.nhs.uk/fertility.html]
[www.bartshealth.nhs.uk/foot-health.html]
[www.bartshealth.nhs.uk/gastroenterology.html]
[www.bartshealth.nhs.uk/general-surgery.html]
[www.bartshealth.nhs.uk/gynaecology.html]
[www.bartshealth.nhs.uk/gynaecological-oncology.html]
[www.bartshealth.nhs.uk/haematology.html]
[www.bartshealth.nhs.uk/haemophilia.html]
[www.bartshealth.nhs.uk/health-visiting.html]
[www.bartshealth.nhs.uk/hyperbaric-and-wound-healing.html]
[www.bartshealth.nhs.uk/imaging.html]
[www.bartshealth.nhs.uk/immunology.html]
[www.bartshealth.nhs.uk/infection-and-immunity.html]
[www.bartshealth.nhs.uk/maternity.html]
